==========================================================================
SIH26123 C2 - powered re-measurement
ticks=9000 (900 s sim)  seeds=[11, 13, 17, 19, 23, 29, 31, 37, 41]  scenarios=['blocked_aisle', 'narrow_aisle_deadlock', 'rush_50']
==========================================================================

-- blocked_aisle (fleet 40)
   seed      base(s)   swarm(s)   b_done   s_done     reduct
   11         108.62     106.21       25       10       2.2%
   13          87.00     177.92       17        5    -104.5%
   17          95.67     109.86       11       13     -14.8%
   19          91.69     116.33       16       11     -26.9%
   23          84.58     101.21       17        9     -19.7%
   29          88.74     103.13       14        8     -16.2%
   31          87.71      88.93       15       13      -1.4%
   37         133.96      95.33       28       11      28.8%
   41          92.43     102.51       15        7     -10.9%

-- narrow_aisle_deadlock (fleet 24)
   seed      base(s)   swarm(s)   b_done   s_done     reduct
   11          83.97      83.55        7        2       0.5%
   13          86.22      78.50        6        2       9.0%
   17         101.50     242.14        1        5    -138.6%
   19         135.79     145.03       12        9      -6.8%
   23          97.61      49.10       10        1      49.7%
   29          66.40     109.80        2        1     -65.4%
   31         110.00     102.95        8        6       6.4%
   37          83.30     107.83        9        3     -29.4%
   41         117.35      67.00        2        2      42.9%

-- rush_50 (fleet 50)
   seed      base(s)   swarm(s)   b_done   s_done     reduct
   11          85.90     111.59       17       14     -29.9%
   13          77.93      91.92       14        6     -18.0%
   17          80.08     110.23       16        9     -37.6%
   19          77.99      81.88       15       10      -5.0%
   23         110.53      93.50       12       11      15.4%
   29         108.60     123.32       14       10     -13.6%
   31          79.43     143.90       13        5     -81.2%
   37         102.71     170.48       15        9     -66.0%
   41          90.95      82.22       13       11       9.6%

==========================================================================
C1 zero collisions in the SwarmOS arm: 0  PASS
   baseline arm collisions (control, expected > 0): 0
--------------------------------------------------------------------------
C2 paired reduction in avg_completion_s, n=27 paired runs
  mean            : -19.3 pct
  std dev         : 42.2 pct
  95 pct CI       : [-36.0, -2.6] pct
  target          : >= 20 pct
  tasks completed : min=1  median=10  max=28  (per arm per run)
  verdict         : NOT MET - the whole interval sits below the bar
  elapsed         : 2319.9 s
==========================================================================
