==========================================================================
SIH26123 C2 - powered re-measurement
ticks=9000 (900 s sim)  seeds=[11, 13, 17, 19, 23, 29, 31, 37, 41]  scenarios=['blocked_aisle', 'narrow_aisle_deadlock', 'rush_50']
==========================================================================

-- blocked_aisle (fleet 40)
   seed      base(s)   swarm(s)   b_done   s_done     reduct
   11         108.62      92.01       25        8      15.3%
   13          87.00     115.53       17        3     -32.8%
   17          95.67     102.80       11       14      -7.5%
   19          91.69      94.27       16       10      -2.8%
   23          84.58      89.40       17        8      -5.7%
   29          88.74      67.10       14        6      24.4%
   31          87.71      84.67       15       13       3.5%
   37         133.96      97.68       28       10      27.1%
   41          92.43      84.85       15        6       8.2%

-- narrow_aisle_deadlock (fleet 24)
   seed      base(s)   swarm(s)   b_done   s_done     reduct
   11          83.97      83.55        7        2       0.5%
   13          86.22      78.50        6        2       9.0%
   17         101.50     176.08        1        5     -73.5%
   19         135.79      90.83       12        6      33.1%
   23          97.61     167.10       10        5     -71.2%
   29          66.40     109.60        2        1     -65.1%
   31         110.00     106.70        8        6       3.0%
   37          83.30     107.83        9        3     -29.4%
   41         117.35      90.12        2        4      23.2%

-- rush_50 (fleet 50)
   seed      base(s)   swarm(s)   b_done   s_done     reduct
   11          85.90     126.22       17       13     -46.9%
   13          77.93     123.78       14       10     -58.8%
   17          80.08     115.13       16       10     -43.8%
   19          77.99      97.42       15       10     -24.9%
   23         110.53      90.75       12       10      17.9%
   29         108.60     128.69       14       11     -18.5%
   31          79.43     128.22       13        8     -61.4%
   37         102.71     105.88       15        5      -3.1%
   41          90.95      80.44       13       10      11.6%

==========================================================================
C1 zero collisions in the SwarmOS arm: 1  FAIL
   baseline arm collisions (control, expected > 0): 0
   SwarmOS collision run: blocked_aisle seed=17 swarmos=1
--------------------------------------------------------------------------
C2 paired reduction in avg_completion_s, n=27 paired runs
  mean            : -13.7 pct
  std dev         : 32.7 pct
  95 pct CI       : [-26.6, -0.7] pct
  target          : >= 20 pct
  tasks completed : min=1  median=10  max=28  (per arm per run)
  verdict         : NOT MET - the whole interval sits below the bar
  elapsed         : 2259.1 s
==========================================================================
